[statfa.net/landing/identity/index-1.html]
[backblue.gif]
[fade.gif]
[index.html]
[statfa.net/landing/identity/img/ico-16.ico]
[statfa.net/landing/identity/img/ico-57.png]
[statfa.net/landing/identity/img/ico-72.png]
[statfa.net/landing/identity/img/ico-114.png]
[statfa.net/landing/identity/img/ico-144.png]
[statfa.net/landing/identity/css/normalize.css]
[statfa.net/landing/identity/css/bootstrap.min.css]
[statfa.net/landing/identity/css/font-awesome.min.css]
[statfa.net/landing/identity/css/style.css]
[statfa.net/landing/identity/css/style-responsive.css]
[statfa.net/landing/identity/images/logo.png]
[statfa.net/landing/identity/img/loader.gif]
[statfa.net/landing/identity/images/slide1.jpg]
[statfa.net/landing/identity/images/slide2.jpg]
[statfa.net/landing/identity/images/photo.jpg]
[statfa.net/landing/identity/images/signature.png]
[statfa.net/landing/identity/images/portfolio/thumb1.jpg]
[statfa.net/landing/identity/images/portfolio/thumb2.jpg]
[statfa.net/landing/identity/images/portfolio/thumb3.jpg]
[statfa.net/landing/identity/images/portfolio/thumb4.jpg]
[statfa.net/landing/identity/images/portfolio/thumb5.jpg]
[statfa.net/landing/identity/images/portfolio/thumb6.jpg]
[statfa.net/landing/identity/images/portfolio/thumb7.jpg]
[statfa.net/landing/identity/images/portfolio/thumb8.jpg]
[statfa.net/landing/identity/images/portfolio/thumb9.jpg]
[statfa.net/landing/identity/images/portfolio/thumb10.jpg]
[statfa.net/landing/identity/images/portfolio/thumb11.jpg]
[statfa.net/landing/identity/images/portfolio/thumb12.jpg]
[statfa.net/landing/identity/images/clients.png]
[statfa.net/landing/identity/images/clients/twitter.png]
[statfa.net/landing/identity/images/clients/magento.png]
[statfa.net/landing/identity/images/clients/mailchimp.png]
[statfa.net/landing/identity/images/clients/nexternal.png]
[statfa.net/landing/identity/images/clients/wordpress.png]
[statfa.net/landing/identity/images/clients/google.png]
[statfa.net/landing/identity/js/modernizr.js]
[statfa.net/landing/identity/js/jquery-1.10.2.min.js]
[statfa.net/landing/identity/js/jquery.sticky.js]
[statfa.net/landing/identity/js/jquery.easing-1.3.pack.js]
[statfa.net/landing/identity/js/bootstrap.minb12b.js]
[statfa.net/landing/identity/js/bootstrap-modal.js]
[statfa.net/landing/identity/js/jquery.parallax-1.1.3.js]
[statfa.net/landing/identity/js/jquery.appear.js]
[statfa.net/landing/identity/js/jquery.cycle.all.js]
[statfa.net/landing/identity/js/jquery.flexslider.min.js]
[statfa.net/landing/identity/js/jquery.fitvids.js]
[statfa.net/landing/identity/js/jquery.maximage.js]
[statfa.net/landing/identity/js/swiper.min.js]
[statfa.net/landing/identity/js/waypoints.min.js]
[statfa.net/landing/identity/js/jquery-countTo.js]
[statfa.net/landing/identity/js/easyPieChart.js]
[statfa.net/landing/identity/js/jquery.isotope.min.js]
[statfa.net/landing/identity/js/smoothscroll.js]
[statfa.net/landing/identity/js/skrollr.js]
[statfa.net/landing/identity/js/jquery.nicescroll.min.js]
[statfa.net/landing/identity/js/jquery.validate.min.js]
[statfa.net/landing/identity/js/gmap-settingsdae0.js]
[statfa.net/landing/identity/js/script.js]
[statfa.net/landing/identity/index-1.html]
[statfa.net/landing/identity/css/normalize.css]
[statfa.net/landing/identity/css/bootstrap.min.css]
[statfa.net/landing/identity/fonts/fontawesome-webfontba72.eot]
[statfa.net/landing/identity/fonts/fontawesome-webfontd41d.eot]
[statfa.net/landing/identity/fonts/fontawesome-webfontba72.woff]
[statfa.net/landing/identity/fonts/fontawesome-webfontba72.ttf]
[statfa.net/landing/identity/css/font-awesome.min.css]
[statfa.net/landing/identity/img/preloader.gif]
[statfa.net/landing/identity/img/overlay.png]
[statfa.net/landing/identity/img/overlay-video.png]
[statfa.net/landing/identity/img/timeline-bg.jpg]
[statfa.net/landing/identity/img/left-arrow.png]
[statfa.net/landing/identity/img/right-arrow.png]
[statfa.net/landing/identity/img/slider_controls.png]
[statfa.net/landing/identity/css/style.css]
[statfa.net/landing/identity/css/style-responsive.css]
[statfa.net/landing/identity/fonts/fontawesome-webfontba72.svg]
